[
  {
    "meta": {
      "Size": "M",
      "Dimension": {
        "Height": 285,
        "Width": 240
      },
      "Format": "WebP"
    },
    "datahash": "jI6EqH6+oBajFsM0POFqVpzHYkg5HNWFDqF0qOkzL/A="
  },
  {
    "meta": {
      "Size": "M",
      "Dimension": {
        "Height": 287,
        "Width": 240
      },
      "Format": "WebP"
    },
    "datahash": "pBkWw+Htxfzff7kXTyQnDNaGPxVWOfiklBtRGRKpWY8="
  },
  {
    "meta": {
      "Size": "M",
      "Dimension": {
        "Height": 287,
        "Width": 240
      },
      "Format": "WebP"
    },
    "datahash": "t/6MbQWeqrvteI4fJ9Ax3hhtqA9SGJK3/tWozg/u3cM="
  },
  {
    "meta": {
      "Size": "M",
      "Dimension": {
        "Height": 287,
        "Width": 240
      },
      "Format": "WebP"
    },
    "datahash": "AkSlhx5zz0Tw259h/qvRnfU9/nTYEtw2crLdJzlAMfg="
  },
  {
    "meta": {
      "Size": "M",
      "Dimension": {
        "Height": 276,
        "Width": 229
      },
      "Format": "WebP"
    },
    "datahash": "vY4NMUHW7g60QmZDROP2UrscYvczhQQLE/G8rLEz7zA="
  },
  {
    "meta": {
      "Size": "M",
      "Dimension": {
        "Height": 287,
        "Width": 240
      },
      "Format": "WebP"
    },
    "datahash": "QSy/L4f7gTlRicGFxlfDoo1esASzBhGmsw8+x61XSYA="
  }
]
